// Jest Snapshot v1, https://goo.gl/fbAQLP

exports[`passwind drop 1`] = `
Array [
  Object {
    "definition": Object {
      "display": "flex",
      "flex-direction": "column",
      "min-height": "100vh",
    },
    "id": "gspemxyf-4042",
  },
  Object {
    "definition": Object {
      "--tw-bg-opacity": "1",
      "--tw-text-opacity": "1",
      "background-color": "rgba(255, 194, 235, var(--tw-bg-opacity))",
      "color": "rgba(0, 0, 0, var(--tw-text-opacity))",
      "font-family": "extended-regular, helvetica, sans-serif",
      "position": "relative",
    },
    "id": "ofusfhxb-4808",
  },
  Object {
    "definition": Object {
      "--tw-bg-opacity": "1",
      "--tw-rotate": "0",
      "--tw-scale-x": "1",
      "--tw-scale-y": "1",
      "--tw-skew-x": "0",
      "--tw-skew-y": "0",
      "--tw-text-opacity": "1",
      "--tw-translate-x": "-100%",
      "--tw-translate-y": "0",
      "background-color": "rgba(255, 255, 255, var(--tw-bg-opacity))",
      "color": "rgba(0, 0, 0, var(--tw-text-opacity))",
      "font-family": "extended-regular, helvetica, sans-serif",
      "height": "100vh",
      "position": "absolute",
      "transform": "translate3d(
      var(--tw-translate-x),
      var(--tw-translate-y),
      0
    )
    rotate(var(--tw-rotate)) skewX(var(--tw-skew-x))
    skewY(var(--tw-skew-y)) scaleX(var(--tw-scale-x))
    scaleY(var(--tw-scale-y))",
      "transition-duration": "0.15s",
      "transition-property": "all",
      "transition-timing-function": "cubic-bezier(0.4, 0, 0.2, 1)",
      "width": "100vw",
      "z-index": 20,
    },
    "id": "yajtwnup-2867",
  },
  Object {
    "definition": Object {
      "display": "flex",
      "flex-direction": "column",
      "padding-left": "1.25rem",
      "padding-right": "1.25rem",
    },
    "id": "txgmurfj-3048",
  },
  Object {
    "definition": Object {
      "align-items": "center",
      "display": "flex",
      "justify-content": "space-between",
      "margin-bottom": "2.5rem",
      "margin-top": "2.5rem",
    },
    "id": "njcclkrf-1424",
  },
  Object {
    "definition": Object {
      "fill": "currentColor",
    },
    "id": "wtcacddy-1947",
  },
  Object {
    "definition": Object {
      "font-size": "2.25rem",
      "line-height": "2.5rem",
    },
    "id": "tarvliqr-0534",
  },
  Object {
    "definition": Object {
      "align-items": "center",
      "display": "flex",
      "height": "100%",
      "position": "relative",
    },
    "id": "viejgmnp-5900",
  },
  Object {
    "definition": Object {
      "--tw-text-opacity": "1",
      "color": "rgba(0, 0, 0, var(--tw-text-opacity))",
      "margin-left": "0.5rem",
    },
    "id": "wvrxbkiw-7504",
  },
  Object {
    "definition": Object {
      "--tw-bg-opacity": "1",
      "--tw-border-opacity": "1",
      "--tw-text-opacity": "1",
      "align-items": "center",
      "background-color": "rgba(0, 0, 0, var(--tw-bg-opacity))",
      "border-color": "rgba(0, 0, 0, var(--tw-border-opacity))",
      "border-radius": "9999px",
      "border-width": "2px",
      "color": "rgba(255, 255, 255, var(--tw-text-opacity))",
      "display": "flex",
      "font-family": "extended-regular, helvetica, sans-serif",
      "height": "3rem",
      "justify-content": "center",
      "margin-left": "1rem",
      "padding": "1rem",
      "padding-bottom": "0.75rem",
      "padding-left": "1.5rem",
      "padding-right": "1.5rem",
      "padding-top": "0.75rem",
      "transition-duration": "0.15s",
      "transition-property": Array [
        "background-color, border-color, color, fill,
    stroke, opacity, box-shadow, transform, filter,
    -webkit-backdrop-filter",
        "background-color, border-color, color, fill,
    stroke, opacity, box-shadow, transform, filter, backdrop-filter",
        "background-color, border-color, color, fill,
    stroke, opacity, box-shadow, transform, filter, backdrop-filter,
    -webkit-backdrop-filter",
      ],
      "transition-timing-function": "cubic-bezier(0.4, 0, 0.2, 1)",
      "white-space": "nowrap",
    },
    "id": "wfjlcydf-0290",
  },
  Object {
    "definition": Object {
      "align-items": "stretch",
      "display": "flex",
      "justify-content": "space-between",
      "padding-left": "4rem",
      "padding-right": "4rem",
    },
    "id": "fwjkdrng-9337",
  },
  Object {
    "definition": Object {
      "padding-bottom": "1.75rem",
      "padding-top": "1.75rem",
    },
    "id": "xqorygkk-1664",
  },
  Object {
    "definition": Object {
      "align-items": "center",
      "display": "flex",
      "font-size": "1.25rem",
      "line-height": "1.75rem",
    },
    "id": "njodlcss-3621",
  },
  Object {
    "definition": Object {
      "align-items": "center",
      "display": "flex",
      "height": "100%",
      "padding-left": "0.75rem",
      "padding-right": "0.75rem",
      "white-space": "nowrap",
    },
    "id": "eilequsi-2867",
  },
  Object {
    "definition": Object {
      "display": "none",
    },
    "id": "iuzutywi-9401",
  },
  Object {
    "definition": Object {
      "--tw-bg-opacity": "1",
      "background-color": "rgba(255, 194, 235, var(--tw-bg-opacity))",
      "flex": "1 1 0%",
      "font-family": "extended-regular, helvetica, sans-serif",
    },
    "id": "yehatkuw-0687",
  },
  Object {
    "definition": Object {
      "--tw-bg-opacity": "1",
      "--tw-border-opacity": "1",
      "align-items": "center",
      "background-color": "rgba(255, 255, 255, var(--tw-bg-opacity))",
      "border": "2px solid #000",
      "border-color": "rgba(0, 0, 0, var(--tw-border-opacity))",
      "border-style": "solid",
      "border-width": "2px",
      "display": "flex",
      "flex-direction": "column",
      "height": "auto",
      "margin": "auto",
      "margin-bottom": "4rem",
      "margin-top": "2rem",
      "padding-left": "1.25rem",
      "padding-right": "1.25rem",
      "position": "relative",
      "transform-style": "preserve-3d",
      "z-index": 10,
    },
    "id": "almvmixl-5304",
  },
  Object {
    "definition": Object {
      "font-size": "2.25rem",
      "line-height": "2.5rem",
      "margin-bottom": "2rem",
      "margin-top": "4rem",
      "text-align": "center",
    },
    "id": "ughiebhn-3649",
  },
  Object {
    "definition": Object {
      "--tw-border-opacity": "1",
      "border-color": "rgba(0, 0, 0, var(--tw-border-opacity))",
      "border-radius": "0.3125rem",
      "border-style": "solid",
      "border-width": "1px",
      "display": "flex",
      "flex-direction": "column",
      "font-family": "favorit-regular, helvetica, sans-serif",
      "height": "4rem",
      "margin-top": "0.75rem",
      "max-height": "4rem",
      "padding-bottom": "0.75rem",
      "padding-left": "0.5rem",
      "padding-right": "0.5rem",
      "padding-top": "0.75rem",
      "width": "100%",
    },
    "id": "jcbjbjcv-5676",
  },
  Object {
    "definition": Object {
      "font-size": "0.75rem",
      "line-height": "1rem",
      "margin-bottom": "0.1875rem",
    },
    "id": "azwgnnsy-2459",
  },
  Object {
    "definition": Object {
      "--tw-text-opacity": "1",
      "color": "rgba(107, 114, 128, var(--tw-text-opacity))",
    },
    "id": "mkglgibu-5357",
  },
  Object {
    "definition": Object {
      "display": "flex",
    },
    "id": "rdzofske-3403",
  },
  Object {
    "definition": Object {
      "font-size": "0.75rem",
      "line-height": "1rem",
    },
    "id": "sstfoage-1822",
  },
  Object {
    "definition": Object {
      "margin-left": "0.25rem",
      "margin-right": "0.25rem",
    },
    "id": "dzhylvvm-1156",
  },
  Object {
    "definition": Object {
      "--tw-bg-opacity": "1",
      "background-color": "rgba(255, 241, 138, var(--tw-bg-opacity))",
      "font-size": "0.875rem",
      "line-height": "1.25rem",
      "margin-bottom": "2rem",
      "margin-top": "0.5rem",
      "padding": "0.5rem",
      "text-align": "center",
      "width": "100%",
    },
    "id": "cfpgcgrj-5787",
  },
  Object {
    "definition": Object {
      "--tw-bg-opacity": "1",
      "--tw-border-opacity": "1",
      "--tw-text-opacity": "1",
      "align-items": "center",
      "background-color": "transparent",
      "border-color": "rgba(0, 0, 0, var(--tw-border-opacity))",
      "border-radius": "9999px",
      "border-width": "2px",
      "color": "rgba(0, 0, 0, var(--tw-text-opacity))",
      "display": "flex",
      "font-family": "extended-regular, helvetica, sans-serif",
      "font-size": "1.25rem",
      "justify-content": "center",
      "line-height": "1.75rem",
      "margin-bottom": "1rem",
      "padding": "0.75rem",
      "padding-bottom": "1.25rem",
      "padding-left": "1rem",
      "padding-right": "1rem",
      "padding-top": "1.25rem",
      "transition-duration": "0.15s",
      "transition-property": Array [
        "background-color, border-color, color, fill,
    stroke, opacity, box-shadow, transform, filter,
    -webkit-backdrop-filter",
        "background-color, border-color, color, fill,
    stroke, opacity, box-shadow, transform, filter, backdrop-filter",
        "background-color, border-color, color, fill,
    stroke, opacity, box-shadow, transform, filter, backdrop-filter,
    -webkit-backdrop-filter",
      ],
      "transition-timing-function": "cubic-bezier(0.4, 0, 0.2, 1)",
      "white-space": "nowrap",
    },
    "id": "tystzesn-8277",
  },
  Object {
    "definition": Object {
      "font-family": "favorit-regular, helvetica, sans-serif",
      "font-size": "0.75rem",
      "line-height": "1rem",
      "margin-bottom": "1rem",
      "padding": "0.5rem",
      "text-align": "center",
    },
    "id": "mhezyybm-6418",
  },
  Object {
    "definition": Object {
      "font-size": "1.25rem",
      "padding-bottom": "2rem",
      "padding-top": "2rem",
      "text-align": "center",
    },
    "id": "mqjijcie-3457",
  },
  Object {
    "definition": Object {
      "--tw-text-opacity": "1",
      "color": "rgba(3, 60, 224, var(--tw-text-opacity))",
    },
    "id": "txouofvd-8049",
  },
  Object {
    "definition": Object {
      "--tw-text-opacity": "1",
      "border-top-width": "1px",
      "color": "rgba(29, 0, 112, var(--tw-text-opacity))",
      "font-family": "extended-regular, helvetica, sans-serif",
    },
    "id": "boijxuua-3312",
  },
  Object {
    "definition": Object {
      "padding-left": "3rem",
      "padding-right": "3rem",
    },
    "id": "uogpyjrg-3493",
  },
  Object {
    "definition": Object {
      "display": "flex",
      "flex-direction": "row",
      "justify-content": "space-between",
      "margin": "auto",
      "padding-bottom": "3.5rem",
      "padding-top": "3.5rem",
      "width": "100%",
    },
    "id": "qcurxqdp-0507",
  },
  Object {
    "definition": Object {
      "margin-top": "0.25rem",
    },
    "id": "fjifscqh-2230",
  },
  Object {
    "definition": Object {
      "font-size": "0.75rem",
      "line-height": "1rem",
      "margin-top": "0.75rem",
      "width": "15rem",
    },
    "id": "ghbgtjgt-7523",
  },
  Object {
    "definition": Object {
      "margin-left": "0.25rem",
      "margin-right": "0.25rem",
      "margin-top": "0",
    },
    "id": "hnqtrlvr-7581",
  },
  Object {
    "definition": Object {
      "font-family": "extended-regular, helvetica, sans-serif",
      "font-size": "1.25rem",
      "margin-bottom": "0.5rem",
    },
    "id": "wsuvjtez-4149",
  },
  Object {
    "definition": Object {
      "font-family": "extended-regular, helvetica, sans-serif",
      "line-height": 2,
    },
    "id": "sifygjtj-8253",
  },
  Object {
    "definition": Object {
      "--tw-bg-opacity": "1",
      "--tw-border-opacity": "1",
      "--tw-text-opacity": "1",
      "align-items": "center",
      "background-color": "transparent",
      "border-color": "rgba(0, 0, 0, var(--tw-border-opacity))",
      "border-radius": "9999px",
      "border-width": "2px",
      "color": "rgba(0, 0, 0, var(--tw-text-opacity))",
      "display": "flex",
      "font-family": "extended-regular, helvetica, sans-serif",
      "height": "2.5rem",
      "justify-content": "center",
      "margin-top": "0",
      "padding": "1rem",
      "transition-duration": "0.15s",
      "transition-property": Array [
        "background-color, border-color, color, fill,
    stroke, opacity, box-shadow, transform, filter,
    -webkit-backdrop-filter",
        "background-color, border-color, color, fill,
    stroke, opacity, box-shadow, transform, filter, backdrop-filter",
        "background-color, border-color, color, fill,
    stroke, opacity, box-shadow, transform, filter, backdrop-filter,
    -webkit-backdrop-filter",
      ],
      "transition-timing-function": "cubic-bezier(0.4, 0, 0.2, 1)",
      "white-space": "nowrap",
    },
    "id": "kmsoylxc-5606",
  },
  Object {
    "definition": Object {
      "align-items": "center",
      "border-top-width": "1px",
      "display": "flex",
      "justify-content": "space-between",
      "padding": "1rem",
      "width": "100%",
    },
    "id": "eorfxfus-7886",
  },
  Object {
    "definition": Object {
      "display": "inline",
    },
    "id": "cvddcwvt-7490",
  },
  Object {
    "definition": Object {
      "align-items": "center",
      "display": "flex",
      "justify-content": "space-between",
      "width": "10rem",
    },
    "id": "ttbhzjjw-1591",
  },
]
`;

exports[`passwind flatten 1`] = `
".gspemxyf-4042 {
  /* tailwind selectors: min-h-screen flex flex-col */
  min-height: 100vh;
  display: flex;
  flex-direction: column;
}
.ofusfhxb-4808 {
  /* tailwind selectors: font-extended relative hover:bg-white hover:shadow-navbar hover:text-black bg-ifpink text-black */
  font-family: extended-regular, helvetica, sans-serif;
  position: relative;
  --tw-bg-opacity: 1;
  background-color: rgba(255, 194, 235, var(--tw-bg-opacity));
  --tw-text-opacity: 1;
  color: rgba(0, 0, 0, var(--tw-text-opacity));
}
.yajtwnup-2867 {
  /* tailwind selectors: absolute z-20 h-screen w-screen bg-white text-black font-extended transition-all transform-gpu -translate-x-full */
  position: absolute;
  z-index: 20;
  height: 100vh;
  width: 100vw;
  --tw-bg-opacity: 1;
  background-color: rgba(255, 255, 255, var(--tw-bg-opacity));
  --tw-text-opacity: 1;
  color: rgba(0, 0, 0, var(--tw-text-opacity));
  font-family: extended-regular, helvetica, sans-serif;
  transition-property: all;
  transition-timing-function: cubic-bezier(0.4, 0, 0.2, 1);
  transition-duration: 0.15s;
  --tw-translate-x: -100%;
  --tw-translate-y: 0;
  --tw-rotate: 0;
  --tw-skew-x: 0;
  --tw-skew-y: 0;
  --tw-scale-x: 1;
  --tw-scale-y: 1;
  transform: translate3d(
      var(--tw-translate-x),
      var(--tw-translate-y),
      0
    )
    rotate(var(--tw-rotate)) skewX(var(--tw-skew-x))
    skewY(var(--tw-skew-y)) scaleX(var(--tw-scale-x))
    scaleY(var(--tw-scale-y));
}
.txgmurfj-3048 {
  /* tailwind selectors: flex flex-col px-5 */
  display: flex;
  flex-direction: column;
  padding-left: 1.25rem;
  padding-right: 1.25rem;
}
.njcclkrf-1424 {
  /* tailwind selectors: flex my-10 justify-between items-center */
  display: flex;
  margin-top: 2.5rem;
  margin-bottom: 2.5rem;
  justify-content: space-between;
  align-items: center;
}
.wtcacddy-1947 {
  /* tailwind selectors: fill-current */
  fill: currentColor;
}
.tarvliqr-0534 {
  /* tailwind selectors: leading-relaxed text-4xl */
  line-height: 2.5rem;
  font-size: 2.25rem;
}
.viejgmnp-5900 {
  /* tailwind selectors: flex items-center h-full relative */
  display: flex;
  align-items: center;
  height: 100%;
  position: relative;
}
.wvrxbkiw-7504 {
  /* tailwind selectors: ml-2 text-black */
  margin-left: 0.5rem;
  --tw-text-opacity: 1;
  color: rgba(0, 0, 0, var(--tw-text-opacity));
}
.wfjlcydf-0290 {
  /* tailwind selectors: flex justify-center items-center font-extended rounded-full whitespace-nowrap transition border-black border-2 bg-transparent text-black hover:bg-black hover:text-white p-4 h-10 h-12 ml-4 py-3 px-6 */
  display: flex;
  justify-content: center;
  align-items: center;
  font-family: extended-regular, helvetica, sans-serif;
  border-radius: 9999px;
  white-space: nowrap;
  transition-property: background-color, border-color, color, fill,
    stroke, opacity, box-shadow, transform, filter,
    -webkit-backdrop-filter,background-color, border-color, color, fill,
    stroke, opacity, box-shadow, transform, filter, backdrop-filter,background-color, border-color, color, fill,
    stroke, opacity, box-shadow, transform, filter, backdrop-filter,
    -webkit-backdrop-filter;
  transition-timing-function: cubic-bezier(0.4, 0, 0.2, 1);
  transition-duration: 0.15s;
  --tw-border-opacity: 1;
  border-color: rgba(0, 0, 0, var(--tw-border-opacity));
  border-width: 2px;
  background-color: rgba(0, 0, 0, var(--tw-bg-opacity));
  --tw-text-opacity: 1;
  color: rgba(255, 255, 255, var(--tw-text-opacity));
  --tw-bg-opacity: 1;
  padding: 1rem;
  height: 3rem;
  margin-left: 1rem;
  padding-top: 0.75rem;
  padding-bottom: 0.75rem;
  padding-left: 1.5rem;
  padding-right: 1.5rem;
}
.fwjkdrng-9337 {
  /* tailwind selectors: flex items-stretch justify-between px-3 lg:px-16 */
  display: flex;
  align-items: stretch;
  justify-content: space-between;
  padding-left: 4rem;
  padding-right: 4rem;
}
.xqorygkk-1664 {
  /* tailwind selectors: py-7 */
  padding-top: 1.75rem;
  padding-bottom: 1.75rem;
}
.njodlcss-3621 {
  /* tailwind selectors: hidden md:flex items-center lg:text-xl */
  display: flex;
  align-items: center;
  font-size: 1.25rem;
  line-height: 1.75rem;
}
.eilequsi-2867 {
  /* tailwind selectors: px-3 lg:px-4.5 h-full flex items-center whitespace-nowrap */
  padding-left: 0.75rem;
  padding-right: 0.75rem;
  height: 100%;
  display: flex;
  align-items: center;
  white-space: nowrap;
}
.iuzutywi-9401 {
  /* tailwind selectors: md:hidden */
  display: none;
}
.yehatkuw-0687 {
  /* tailwind selectors: bg-ifpink flex-1 font-extended */
  --tw-bg-opacity: 1;
  background-color: rgba(255, 194, 235, var(--tw-bg-opacity));
  flex: 1 1 0%;
  font-family: extended-regular, helvetica, sans-serif;
}
.almvmixl-5304 {
  /* tailwind selectors: offset-box z-10 w-4/5 flex flex-col m-auto md:px-4 h-auto mb-16 border-opacity-100 border-2 border-solid border-black bg-white items-center mt-8 px-5 */
  border: 2px solid #000;
  position: relative;
  transform-style: preserve-3d;
  z-index: 10;
  display: flex;
  flex-direction: column;
  margin: auto;
  padding-left: 1.25rem;
  padding-right: 1.25rem;
  height: auto;
  margin-bottom: 4rem;
  border-width: 2px;
  border-style: solid;
  --tw-border-opacity: 1;
  border-color: rgba(0, 0, 0, var(--tw-border-opacity));
  --tw-bg-opacity: 1;
  background-color: rgba(255, 255, 255, var(--tw-bg-opacity));
  align-items: center;
  margin-top: 2rem;
}
.ughiebhn-3649 {
  /* tailwind selectors: text-4xl text-center mb-8 mt-16 */
  font-size: 2.25rem;
  line-height: 2.5rem;
  text-align: center;
  margin-bottom: 2rem;
  margin-top: 4rem;
}
.jcbjbjcv-5676 {
  /* tailwind selectors: font-favorit flex flex-col px-2 py-3 mt-3 w-full border rounded-plus border-solid h-16 max-h-16 border-black */
  font-family: favorit-regular, helvetica, sans-serif;
  display: flex;
  flex-direction: column;
  padding-left: 0.5rem;
  padding-right: 0.5rem;
  padding-top: 0.75rem;
  padding-bottom: 0.75rem;
  margin-top: 0.75rem;
  width: 100%;
  border-width: 1px;
  border-radius: 0.3125rem;
  border-style: solid;
  height: 4rem;
  max-height: 4rem;
  --tw-border-opacity: 1;
  border-color: rgba(0, 0, 0, var(--tw-border-opacity));
}
.azwgnnsy-2459 {
  /* tailwind selectors: text-xs mb-px3 */
  font-size: 0.75rem;
  line-height: 1rem;
  margin-bottom: 0.1875rem;
}
.mkglgibu-5357 {
  /* tailwind selectors: text-md text-gray-500 */
  --tw-text-opacity: 1;
  color: rgba(107, 114, 128, var(--tw-text-opacity));
}
.rdzofske-3403 {
  /* tailwind selectors: flex */
  display: flex;
}
.sstfoage-1822 {
  /* tailwind selectors: text-xs */
  font-size: 0.75rem;
  line-height: 1rem;
}
.dzhylvvm-1156 {
  /* tailwind selectors: mx-1 */
  margin-left: 0.25rem;
  margin-right: 0.25rem;
}
.cfpgcgrj-5787 {
  /* tailwind selectors: p-2 text-sm mb-8 mt-2 bg-alertyellow text-center w-full */
  padding: 0.5rem;
  font-size: 0.875rem;
  line-height: 1.25rem;
  margin-bottom: 2rem;
  margin-top: 0.5rem;
  --tw-bg-opacity: 1;
  background-color: rgba(255, 241, 138, var(--tw-bg-opacity));
  text-align: center;
  width: 100%;
}
.tystzesn-8277 {
  /* tailwind selectors: flex justify-center items-center font-extended rounded-full whitespace-nowrap transition border-black border-2 bg-black text-white hover:bg-transparent hover:text-black w-11/12 sm:w-7/12 mb-4 text-lg md:text-xl p-3 md:py-5 md:px-4 */
  display: flex;
  justify-content: center;
  align-items: center;
  font-family: extended-regular, helvetica, sans-serif;
  border-radius: 9999px;
  white-space: nowrap;
  transition-property: background-color, border-color, color, fill,
    stroke, opacity, box-shadow, transform, filter,
    -webkit-backdrop-filter,background-color, border-color, color, fill,
    stroke, opacity, box-shadow, transform, filter, backdrop-filter,background-color, border-color, color, fill,
    stroke, opacity, box-shadow, transform, filter, backdrop-filter,
    -webkit-backdrop-filter;
  transition-timing-function: cubic-bezier(0.4, 0, 0.2, 1);
  transition-duration: 0.15s;
  --tw-border-opacity: 1;
  border-color: rgba(0, 0, 0, var(--tw-border-opacity));
  border-width: 2px;
  --tw-bg-opacity: 1;
  background-color: transparent;
  --tw-text-opacity: 1;
  color: rgba(0, 0, 0, var(--tw-text-opacity));
  margin-bottom: 1rem;
  font-size: 1.25rem;
  line-height: 1.75rem;
  padding: 0.75rem;
  padding-top: 1.25rem;
  padding-bottom: 1.25rem;
  padding-left: 1rem;
  padding-right: 1rem;
}
.mhezyybm-6418 {
  /* tailwind selectors: font-favorit p-2 w-11/12 sm:w-7/12 mb-4 text-xs text-center */
  font-family: favorit-regular, helvetica, sans-serif;
  padding: 0.5rem;
  margin-bottom: 1rem;
  font-size: 0.75rem;
  line-height: 1rem;
  text-align: center;
}
.mqjijcie-3457 {
  /* tailwind selectors: text-center text-xl py-8 */
  text-align: center;
  font-size: 1.25rem;
  padding-top: 2rem;
  padding-bottom: 2rem;
}
.txouofvd-8049 {
  /* tailwind selectors: text-iflightblue */
  --tw-text-opacity: 1;
  color: rgba(3, 60, 224, var(--tw-text-opacity));
}
.boijxuua-3312 {
  /* tailwind selectors: font-extended border-t text-ifblue */
  font-family: extended-regular, helvetica, sans-serif;
  border-top-width: 1px;
  --tw-text-opacity: 1;
  color: rgba(29, 0, 112, var(--tw-text-opacity));
}
.uogpyjrg-3493 {
  /* tailwind selectors: px-0 md:px-12 */
  padding-left: 3rem;
  padding-right: 3rem;
}
.qcurxqdp-0507 {
  /* tailwind selectors: flex flex-col md:flex-row w-52 md:w-full m-auto justify-between py-14 */
  display: flex;
  flex-direction: row;
  width: 100%;
  margin: auto;
  justify-content: space-between;
  padding-top: 3.5rem;
  padding-bottom: 3.5rem;
}
.fjifscqh-2230 {
  /* tailwind selectors: mt-1 */
  margin-top: 0.25rem;
}
.ghbgtjgt-7523 {
  /* tailwind selectors: mt-3 text-xs w-60 */
  margin-top: 0.75rem;
  font-size: 0.75rem;
  line-height: 1rem;
  width: 15rem;
}
.hnqtrlvr-7581 {
  /* tailwind selectors: mt-8 md:mt-0 mx-1 */
  margin-top: 0;
  margin-left: 0.25rem;
  margin-right: 0.25rem;
}
.wsuvjtez-4149 {
  /* tailwind selectors: font-extended mb-2 text-xl */
  font-family: extended-regular, helvetica, sans-serif;
  margin-bottom: 0.5rem;
  font-size: 1.25rem;
}
.sifygjtj-8253 {
  /* tailwind selectors: font-extended leading-loose */
  font-family: extended-regular, helvetica, sans-serif;
  line-height: 2;
}
.kmsoylxc-5606 {
  /* tailwind selectors: flex justify-center items-center font-extended rounded-full whitespace-nowrap transition border-black border-2 bg-black text-white hover:bg-transparent hover:text-black p-4 h-10 mt-8 md:mt-0 */
  display: flex;
  justify-content: center;
  align-items: center;
  font-family: extended-regular, helvetica, sans-serif;
  border-radius: 9999px;
  white-space: nowrap;
  transition-property: background-color, border-color, color, fill,
    stroke, opacity, box-shadow, transform, filter,
    -webkit-backdrop-filter,background-color, border-color, color, fill,
    stroke, opacity, box-shadow, transform, filter, backdrop-filter,background-color, border-color, color, fill,
    stroke, opacity, box-shadow, transform, filter, backdrop-filter,
    -webkit-backdrop-filter;
  transition-timing-function: cubic-bezier(0.4, 0, 0.2, 1);
  transition-duration: 0.15s;
  --tw-border-opacity: 1;
  border-color: rgba(0, 0, 0, var(--tw-border-opacity));
  border-width: 2px;
  --tw-bg-opacity: 1;
  background-color: transparent;
  --tw-text-opacity: 1;
  color: rgba(0, 0, 0, var(--tw-text-opacity));
  padding: 1rem;
  height: 2.5rem;
  margin-top: 0;
}
.eorfxfus-7886 {
  /* tailwind selectors: flex justify-between items-center border-t w-full p-4 */
  display: flex;
  justify-content: space-between;
  align-items: center;
  border-top-width: 1px;
  width: 100%;
  padding: 1rem;
}
.cvddcwvt-7490 {
  /* tailwind selectors: hidden md:inline */
  display: inline;
}
.ttbhzjjw-1591 {
  /* tailwind selectors: flex justify-between items-center w-40 */
  display: flex;
  justify-content: space-between;
  align-items: center;
  width: 10rem;
}"
`;
